// Jest Snapshot v1, https://goo.gl/fbAQLP

exports[`DeleteUser component snapshot 1`] = `
<DocumentFragment>
  <div
    class="delete-user-container"
  >
    <h1>
      Delete Account
    </h1>
    <p>
      Are you sure you want to delete your account?
    </p>
    <p>
      This action cannot be undone.
    </p>
    <div
      class="delete-buttons"
    >
      <button
        class="delete-account-btn"
      >
        Delete Account
      </button>
      <button
        class="cancel-btn"
      >
        Cancel
      </button>
    </div>
  </div>
</DocumentFragment>
`;
