// Jest Snapshot v1, https://goo.gl/fbAQLP

exports[`UpdatePassword component snapshot 1`] = `
<DocumentFragment>
  <div
    class="update-password-container"
  >
    <h1>
      Update Password
    </h1>
    <input
      placeholder="New Password"
      type="password"
      value=""
    />
    <input
      placeholder="Confirm New Password"
      type="password"
      value=""
    />
    <div
      class="update-password-buttons"
    >
      <button
        class="update-password-btn"
      >
        Update Password
      </button>
      <button
        class="cancel-btn"
      >
        Cancel
      </button>
    </div>
  </div>
</DocumentFragment>
`;
